Archive member included because of file (symbol)

c:/winavr-20100110/bin/../lib/gcc/avr/4.3.3/avr5\libgcc.a(_udivmodqi4.o)
                              ./HAL/SSD/SSD.o (__udivmodqi4)
c:/winavr-20100110/bin/../lib/gcc/avr/4.3.3/avr5\libgcc.a(_divmodhi4.o)
                              ./HAL/SSD/SSD.o (__divmodhi4)
c:/winavr-20100110/bin/../lib/gcc/avr/4.3.3/avr5\libgcc.a(_exit.o)
                              c:/winavr-20100110/bin/../lib/gcc/avr/4.3.3/../../../../avr/lib/avr5/crtm32.o (exit)
c:/winavr-20100110/bin/../lib/gcc/avr/4.3.3/avr5\libgcc.a(_copy_data.o)
                              ./MCAL/PORT/Port_Cfg.o (__do_copy_data)
c:/winavr-20100110/bin/../lib/gcc/avr/4.3.3/avr5\libgcc.a(_clear_bss.o)
                              ./MCAL/PORT/Port.o (__do_clear_bss)
c:/winavr-20100110/bin/../lib/gcc/avr/4.3.3/avr5\libgcc.a(_udivmodhi4.o)
                              c:/winavr-20100110/bin/../lib/gcc/avr/4.3.3/avr5\libgcc.a(_divmodhi4.o) (__udivmodhi4)

Memory Configuration

Name             Origin             Length             Attributes
text             0x00000000         0x00020000         xr
data             0x00800060         0x0000ffa0         rw !x
eeprom           0x00810000         0x00010000         rw !x
fuse             0x00820000         0x00000400         rw !x
lock             0x00830000         0x00000400         rw !x
signature        0x00840000         0x00000400         rw !x
*default*        0x00000000         0xffffffff

Linker script and memory map

LOAD c:/winavr-20100110/bin/../lib/gcc/avr/4.3.3/../../../../avr/lib/avr5/crtm32.o
LOAD ./MCAL/PORT/Port.o
LOAD ./MCAL/PORT/Port_Cfg.o
LOAD ./MCAL/DIO/Dio.o
LOAD ./MCAL/DIO/Dio_Cfg.o
LOAD ./HAL/SSD/SSD.o
LOAD ./HAL/LED/Led.o
LOAD ./HAL/BUTTON/Button.o
LOAD ./APP/tasks.o
LOAD ./main.o
LOAD c:/winavr-20100110/bin/../lib/gcc/avr/4.3.3/avr5\libgcc.a
LOAD c:/winavr-20100110/bin/../lib/gcc/avr/4.3.3/../../../../avr/lib/avr5\libc.a
LOAD c:/winavr-20100110/bin/../lib/gcc/avr/4.3.3/avr5\libgcc.a

.hash
 *(.hash)

.dynsym
 *(.dynsym)

.dynstr
 *(.dynstr)

.gnu.version
 *(.gnu.version)

.gnu.version_d
 *(.gnu.version_d)

.gnu.version_r
 *(.gnu.version_r)

.rel.init
 *(.rel.init)

.rela.init
 *(.rela.init)

.rel.text
 *(.rel.text)
 *(.rel.text.*)
 *(.rel.gnu.linkonce.t*)

.rela.text
 *(.rela.text)
 *(.rela.text.*)
 *(.rela.gnu.linkonce.t*)

.rel.fini
 *(.rel.fini)

.rela.fini
 *(.rela.fini)

.rel.rodata
 *(.rel.rodata)
 *(.rel.rodata.*)
 *(.rel.gnu.linkonce.r*)

.rela.rodata
 *(.rela.rodata)
 *(.rela.rodata.*)
 *(.rela.gnu.linkonce.r*)

.rel.data
 *(.rel.data)
 *(.rel.data.*)
 *(.rel.gnu.linkonce.d*)

.rela.data
 *(.rela.data)
 *(.rela.data.*)
 *(.rela.gnu.linkonce.d*)

.rel.ctors
 *(.rel.ctors)

.rela.ctors
 *(.rela.ctors)

.rel.dtors
 *(.rel.dtors)

.rela.dtors
 *(.rela.dtors)

.rel.got
 *(.rel.got)

.rela.got
 *(.rela.got)

.rel.bss
 *(.rel.bss)

.rela.bss
 *(.rela.bss)

.rel.plt
 *(.rel.plt)

.rela.plt
 *(.rela.plt)

.text           0x00000000      0xc26
 *(.vectors)
 .vectors       0x00000000       0x54 c:/winavr-20100110/bin/../lib/gcc/avr/4.3.3/../../../../avr/lib/avr5/crtm32.o
                0x00000000                __vectors
                0x00000000                __vector_default
 *(.vectors)
 *(.progmem.gcc*)
 *(.progmem*)
                0x00000054                . = ALIGN (0x2)
                0x00000054                __trampolines_start = .
 *(.trampolines)
 .trampolines   0x00000054        0x0 linker stubs
 *(.trampolines*)
                0x00000054                __trampolines_end = .
 *(.jumptables)
 *(.jumptables*)
 *(.lowtext)
 *(.lowtext*)
                0x00000054                __ctors_start = .
 *(.ctors)
                0x00000054                __ctors_end = .
                0x00000054                __dtors_start = .
 *(.dtors)
                0x00000054                __dtors_end = .
 SORT(*)(.ctors)
 SORT(*)(.dtors)
 *(.init0)
 .init0         0x00000054        0x0 c:/winavr-20100110/bin/../lib/gcc/avr/4.3.3/../../../../avr/lib/avr5/crtm32.o
                0x00000054                __init
 *(.init0)
 *(.init1)
 *(.init1)
 *(.init2)
 .init2         0x00000054        0xc c:/winavr-20100110/bin/../lib/gcc/avr/4.3.3/../../../../avr/lib/avr5/crtm32.o
 *(.init2)
 *(.init3)
 *(.init3)
 *(.init4)
 .init4         0x00000060       0x16 c:/winavr-20100110/bin/../lib/gcc/avr/4.3.3/avr5\libgcc.a(_copy_data.o)
                0x00000060                __do_copy_data
 .init4         0x00000076       0x10 c:/winavr-20100110/bin/../lib/gcc/avr/4.3.3/avr5\libgcc.a(_clear_bss.o)
                0x00000076                __do_clear_bss
 *(.init4)
 *(.init5)
 *(.init5)
 *(.init6)
 *(.init6)
 *(.init7)
 *(.init7)
 *(.init8)
 *(.init8)
 *(.init9)
 .init9         0x00000086        0x8 c:/winavr-20100110/bin/../lib/gcc/avr/4.3.3/../../../../avr/lib/avr5/crtm32.o
 *(.init9)
 *(.text)
 .text          0x0000008e        0x4 c:/winavr-20100110/bin/../lib/gcc/avr/4.3.3/../../../../avr/lib/avr5/crtm32.o
                0x0000008e                __vector_1
                0x0000008e                __vector_12
                0x0000008e                __bad_interrupt
                0x0000008e                __vector_6
                0x0000008e                __vector_3
                0x0000008e                __vector_11
                0x0000008e                __vector_13
                0x0000008e                __vector_17
                0x0000008e                __vector_19
                0x0000008e                __vector_7
                0x0000008e                __vector_5
                0x0000008e                __vector_4
                0x0000008e                __vector_9
                0x0000008e                __vector_2
                0x0000008e                __vector_15
                0x0000008e                __vector_8
                0x0000008e                __vector_14
                0x0000008e                __vector_10
                0x0000008e                __vector_16
                0x0000008e                __vector_18
                0x0000008e                __vector_20
 .text          0x00000092        0x0 ./MCAL/PORT/Port.o
 .text          0x00000092        0x0 ./MCAL/PORT/Port_Cfg.o
 .text          0x00000092        0x0 ./MCAL/DIO/Dio.o
 .text          0x00000092        0x0 ./MCAL/DIO/Dio_Cfg.o
 .text          0x00000092        0x0 ./HAL/SSD/SSD.o
 .text          0x00000092        0x0 ./HAL/LED/Led.o
 .text          0x00000092        0x0 ./HAL/BUTTON/Button.o
 .text          0x00000092        0x0 ./APP/tasks.o
 .text          0x00000092        0x0 ./main.o
 .text          0x00000092        0x0 c:/winavr-20100110/bin/../lib/gcc/avr/4.3.3/avr5\libgcc.a(_udivmodqi4.o)
 .text          0x00000092        0x0 c:/winavr-20100110/bin/../lib/gcc/avr/4.3.3/avr5\libgcc.a(_divmodhi4.o)
 .text          0x00000092        0x0 c:/winavr-20100110/bin/../lib/gcc/avr/4.3.3/avr5\libgcc.a(_exit.o)
 .text          0x00000092        0x0 c:/winavr-20100110/bin/../lib/gcc/avr/4.3.3/avr5\libgcc.a(_copy_data.o)
 .text          0x00000092        0x0 c:/winavr-20100110/bin/../lib/gcc/avr/4.3.3/avr5\libgcc.a(_clear_bss.o)
 .text          0x00000092        0x0 c:/winavr-20100110/bin/../lib/gcc/avr/4.3.3/avr5\libgcc.a(_udivmodhi4.o)
                0x00000092                . = ALIGN (0x2)
 *(.text.*)
 .text.Port_Init
                0x00000092      0x3c8 ./MCAL/PORT/Port.o
                0x00000092                Port_Init
 .text.Dio_Init
                0x0000045a       0x24 ./MCAL/DIO/Dio.o
                0x0000045a                Dio_Init
 .text.Dio_WriteChannel
                0x0000047e      0x130 ./MCAL/DIO/Dio.o
                0x0000047e                Dio_WriteChannel
 .text.Dio_ReadChannel
                0x000005ae      0x11a ./MCAL/DIO/Dio.o
                0x000005ae                Dio_ReadChannel
 .text.Dio_FlipChannel
                0x000006c8      0x1c2 ./MCAL/DIO/Dio.o
                0x000006c8                Dio_FlipChannel
 .text.SSD_Init
                0x0000088a       0x1e ./HAL/SSD/SSD.o
                0x0000088a                SSD_Init
 .text.SSD_setValue
                0x000008a8       0xe2 ./HAL/SSD/SSD.o
                0x000008a8                SSD_setValue
 .text.SSD_displayValue
                0x0000098a       0x8a ./HAL/SSD/SSD.o
                0x0000098a                SSD_displayValue
 .text.LED_Init
                0x00000a14       0x22 ./HAL/LED/Led.o
                0x00000a14                LED_Init
 .text.LED_getState
                0x00000a36       0x1c ./HAL/LED/Led.o
                0x00000a36                LED_getState
 .text.LED_setOn
                0x00000a52       0x16 ./HAL/LED/Led.o
                0x00000a52                LED_setOn
 .text.LED_setOff
                0x00000a68       0x16 ./HAL/LED/Led.o
                0x00000a68                LED_setOff
 .text.LED_toggle
                0x00000a7e       0x1a ./HAL/LED/Led.o
                0x00000a7e                LED_toggle
 .text.BUTTON_Init
                0x00000a98       0x22 ./HAL/BUTTON/Button.o
                0x00000a98                BUTTON_Init
 .text.BUTTON_getState
                0x00000aba       0x1c ./HAL/BUTTON/Button.o
                0x00000aba                BUTTON_getState
 .text.Init_Task1
                0x00000ad6       0x16 ./APP/tasks.o
                0x00000ad6                Init_Task1
 .text.Init_Task2
                0x00000aec       0x12 ./APP/tasks.o
                0x00000aec                Init_Task2
 .text.blinking_task
                0x00000afe       0x48 ./APP/tasks.o
                0x00000afe                blinking_task
 .text.ss_task1
                0x00000b46       0x14 ./APP/tasks.o
                0x00000b46                ss_task1
 .text.ss_task2
                0x00000b5a       0x50 ./APP/tasks.o
                0x00000b5a                ss_task2
 .text.main     0x00000baa       0x12 ./main.o
                0x00000baa                main
 .text.libgcc   0x00000bbc       0x18 c:/winavr-20100110/bin/../lib/gcc/avr/4.3.3/avr5\libgcc.a(_udivmodqi4.o)
                0x00000bbc                __udivmodqi4
 .text.libgcc   0x00000bd4       0x26 c:/winavr-20100110/bin/../lib/gcc/avr/4.3.3/avr5\libgcc.a(_divmodhi4.o)
                0x00000bd4                __divmodhi4
                0x00000bd4                _div
 .text.libgcc   0x00000bfa        0x0 c:/winavr-20100110/bin/../lib/gcc/avr/4.3.3/avr5\libgcc.a(_exit.o)
 .text.libgcc   0x00000bfa        0x0 c:/winavr-20100110/bin/../lib/gcc/avr/4.3.3/avr5\libgcc.a(_copy_data.o)
 .text.libgcc   0x00000bfa        0x0 c:/winavr-20100110/bin/../lib/gcc/avr/4.3.3/avr5\libgcc.a(_clear_bss.o)
 .text.libgcc   0x00000bfa       0x28 c:/winavr-20100110/bin/../lib/gcc/avr/4.3.3/avr5\libgcc.a(_udivmodhi4.o)
                0x00000bfa                __udivmodhi4
                0x00000c22                . = ALIGN (0x2)
 *(.fini9)
 .fini9         0x00000c22        0x0 c:/winavr-20100110/bin/../lib/gcc/avr/4.3.3/avr5\libgcc.a(_exit.o)
                0x00000c22                exit
                0x00000c22                _exit
 *(.fini9)
 *(.fini8)
 *(.fini8)
 *(.fini7)
 *(.fini7)
 *(.fini6)
 *(.fini6)
 *(.fini5)
 *(.fini5)
 *(.fini4)
 *(.fini4)
 *(.fini3)
 *(.fini3)
 *(.fini2)
 *(.fini2)
 *(.fini1)
 *(.fini1)
 *(.fini0)
 .fini0         0x00000c22        0x4 c:/winavr-20100110/bin/../lib/gcc/avr/4.3.3/avr5\libgcc.a(_exit.o)
 *(.fini0)
                0x00000c26                _etext = .

.data           0x00800060       0xdc load address 0x00000c26
                0x00800060                PROVIDE (__data_start, .)
 *(.data)
 .data          0x00800060        0x0 c:/winavr-20100110/bin/../lib/gcc/avr/4.3.3/../../../../avr/lib/avr5/crtm32.o
 .data          0x00800060        0x0 ./MCAL/PORT/Port.o
 .data          0x00800060        0x0 ./MCAL/PORT/Port_Cfg.o
 .data          0x00800060        0x0 ./MCAL/DIO/Dio.o
 .data          0x00800060        0x0 ./MCAL/DIO/Dio_Cfg.o
 .data          0x00800060        0x0 ./HAL/SSD/SSD.o
 .data          0x00800060        0x0 ./HAL/LED/Led.o
 .data          0x00800060        0x0 ./HAL/BUTTON/Button.o
 .data          0x00800060        0x0 ./APP/tasks.o
 .data          0x00800060        0x0 ./main.o
 .data          0x00800060        0x0 c:/winavr-20100110/bin/../lib/gcc/avr/4.3.3/avr5\libgcc.a(_udivmodqi4.o)
 .data          0x00800060        0x0 c:/winavr-20100110/bin/../lib/gcc/avr/4.3.3/avr5\libgcc.a(_divmodhi4.o)
 .data          0x00800060        0x0 c:/winavr-20100110/bin/../lib/gcc/avr/4.3.3/avr5\libgcc.a(_exit.o)
 .data          0x00800060        0x0 c:/winavr-20100110/bin/../lib/gcc/avr/4.3.3/avr5\libgcc.a(_copy_data.o)
 .data          0x00800060        0x0 c:/winavr-20100110/bin/../lib/gcc/avr/4.3.3/avr5\libgcc.a(_clear_bss.o)
 .data          0x00800060        0x0 c:/winavr-20100110/bin/../lib/gcc/avr/4.3.3/avr5\libgcc.a(_udivmodhi4.o)
 *(.data*)
 .data.arr      0x00800060        0xa ./HAL/SSD/SSD.o
                0x00800060                arr
 *(.rodata)
 *(.rodata*)
 .rodata.Port_Configuration
                0x0080006a       0xc0 ./MCAL/PORT/Port_Cfg.o
                0x0080006a                Port_Configuration
 .rodata.Dio_Configuration
                0x0080012a       0x12 ./MCAL/DIO/Dio_Cfg.o
                0x0080012a                Dio_Configuration
 *(.gnu.linkonce.d*)
                0x0080013c                . = ALIGN (0x2)
                0x0080013c                _edata = .
                0x0080013c                PROVIDE (__data_end, .)

.bss            0x0080013c        0x9
                0x0080013c                PROVIDE (__bss_start, .)
 *(.bss)
 .bss           0x0080013c        0x0 c:/winavr-20100110/bin/../lib/gcc/avr/4.3.3/../../../../avr/lib/avr5/crtm32.o
 .bss           0x0080013c        0x0 ./MCAL/PORT/Port.o
 .bss           0x0080013c        0x0 ./MCAL/PORT/Port_Cfg.o
 .bss           0x0080013c        0x0 ./MCAL/DIO/Dio.o
 .bss           0x0080013c        0x0 ./MCAL/DIO/Dio_Cfg.o
 .bss           0x0080013c        0x0 ./HAL/SSD/SSD.o
 .bss           0x0080013c        0x0 ./HAL/LED/Led.o
 .bss           0x0080013c        0x0 ./HAL/BUTTON/Button.o
 .bss           0x0080013c        0x0 ./APP/tasks.o
 .bss           0x0080013c        0x0 ./main.o
 .bss           0x0080013c        0x0 c:/winavr-20100110/bin/../lib/gcc/avr/4.3.3/avr5\libgcc.a(_udivmodqi4.o)
 .bss           0x0080013c        0x0 c:/winavr-20100110/bin/../lib/gcc/avr/4.3.3/avr5\libgcc.a(_divmodhi4.o)
 .bss           0x0080013c        0x0 c:/winavr-20100110/bin/../lib/gcc/avr/4.3.3/avr5\libgcc.a(_exit.o)
 .bss           0x0080013c        0x0 c:/winavr-20100110/bin/../lib/gcc/avr/4.3.3/avr5\libgcc.a(_copy_data.o)
 .bss           0x0080013c        0x0 c:/winavr-20100110/bin/../lib/gcc/avr/4.3.3/avr5\libgcc.a(_clear_bss.o)
 .bss           0x0080013c        0x0 c:/winavr-20100110/bin/../lib/gcc/avr/4.3.3/avr5\libgcc.a(_udivmodhi4.o)
 *(.bss*)
 .bss.Port_Pin_Config
                0x0080013c        0x2 ./MCAL/PORT/Port.o
 .bss.Dio_PortChannels
                0x0080013e        0x2 ./MCAL/DIO/Dio.o
 .bss.button_current_state.1281
                0x00800140        0x1 ./APP/tasks.o
 .bss.button_previous_state.1280
                0x00800141        0x1 ./APP/tasks.o
 .bss.tick.1303
                0x00800142        0x1 ./APP/tasks.o
 .bss.button_current_state.1301
                0x00800143        0x1 ./APP/tasks.o
 .bss.button_previous_state.1300
                0x00800144        0x1 ./APP/tasks.o
 *(COMMON)
                0x00800145                PROVIDE (__bss_end, .)
                0x00000c26                __data_load_start = LOADADDR (.data)
                0x00000d02                __data_load_end = (__data_load_start + SIZEOF (.data))

.noinit         0x00800145        0x0
                0x00800145                PROVIDE (__noinit_start, .)
 *(.noinit*)
                0x00800145                PROVIDE (__noinit_end, .)
                0x00800145                _end = .
                0x00800145                PROVIDE (__heap_start, .)

.eeprom         0x00810000        0x0
 *(.eeprom*)
                0x00810000                __eeprom_end = .

.fuse
 *(.fuse)
 *(.lfuse)
 *(.hfuse)
 *(.efuse)

.lock
 *(.lock*)

.signature
 *(.signature*)

.stab           0x00000000     0x1794
 *(.stab)
 .stab          0x00000000      0x468 ./MCAL/PORT/Port.o
 .stab          0x00000468       0xfc ./MCAL/PORT/Port_Cfg.o
                                0x27c (size before relaxing)
 .stab          0x00000564      0x48c ./MCAL/DIO/Dio.o
                                0x5ac (size before relaxing)
 .stab          0x000009f0       0xfc ./MCAL/DIO/Dio_Cfg.o
                                0x270 (size before relaxing)
 .stab          0x00000aec      0x3fc ./HAL/SSD/SSD.o
                                0x51c (size before relaxing)
 .stab          0x00000ee8      0x2ac ./HAL/LED/Led.o
                                0x42c (size before relaxing)
 .stab          0x00001194      0x1a4 ./HAL/BUTTON/Button.o
                                0x378 (size before relaxing)
 .stab          0x00001338      0x354 ./APP/tasks.o
                                0x528 (size before relaxing)
 .stab          0x0000168c      0x108 ./main.o
                                0x114 (size before relaxing)

.stabstr        0x00000000      0xdb7
 *(.stabstr)
 .stabstr       0x00000000      0xdb7 ./MCAL/PORT/Port.o

.stab.excl
 *(.stab.excl)

.stab.exclstr
 *(.stab.exclstr)

.stab.index
 *(.stab.index)

.stab.indexstr
 *(.stab.indexstr)

.comment
 *(.comment)

.debug
 *(.debug)

.line
 *(.line)

.debug_srcinfo
 *(.debug_srcinfo)

.debug_sfnames
 *(.debug_sfnames)

.debug_aranges
 *(.debug_aranges)

.debug_pubnames
 *(.debug_pubnames)

.debug_info
 *(.debug_info)
 *(.gnu.linkonce.wi.*)

.debug_abbrev
 *(.debug_abbrev)

.debug_line
 *(.debug_line)

.debug_frame
 *(.debug_frame)

.debug_str
 *(.debug_str)

.debug_loc
 *(.debug_loc)

.debug_macinfo
 *(.debug_macinfo)
OUTPUT(Drivers_AVR.elf elf32-avr)
LOAD linker stubs
